I'm sorry, but errors were detected in your script. Please correct the
errors listed below, and try again.


File "game/script.rpy", line 25: expected statement.
    for character in characters_data["characters"]:
                  ^

Ren'Py Version: Ren'Py 8.3.3.24111502
Sat Nov 30 23:47:35 2024
